    Blocking waiting for file lock on package cache
    Blocking waiting for file lock on package cache
    Blocking waiting for file lock on package cache
   Compiling studio-engine v0.1.0 (/root/fframes-desktop/desktop/crates/studio-engine)
   Compiling fframes-studio v0.1.0 (/root/fframes-desktop/desktop/app)
    Finished `test` profile [unoptimized + debuginfo] target(s) in 5.67s
     Running tests/preview_coordination.rs (desktop/target/debug/deps/preview_coordination-4f5c6a82f080e437)

running 1 test
test real_failed_build_and_invalid_source_preserve_seekable_immutable_revision_and_cleanup ... ok

test result: ok. 1 passed; 0 failed; 0 ignored; 0 measured; 1 filtered out; finished in 85.86s

     Running tests/timeline_controls.rs (desktop/target/debug/deps/timeline_controls-eedeac5829fb4185)

running 1 test
test real_compiled_tracks_and_thumbnail_seek_destinations ... FAILED

failures:

---- real_compiled_tracks_and_thumbnail_seek_destinations stdout ----

thread 'real_compiled_tracks_and_thumbnail_seek_destinations' (3176409) panicked at app/tests/timeline_controls.rs:302:17:
assertion failed: !path.file_name().unwrap().to_string_lossy().starts_with("build-")
note: run with `RUST_BACKTRACE=1` environment variable to display a backtrace


failures:
    real_compiled_tracks_and_thumbnail_seek_destinations

test result: FAILED. 0 passed; 1 failed; 0 ignored; 0 measured; 6 filtered out; finished in 71.29s

error: test failed, to rerun pass `-p fframes-studio --test timeline_controls`
